21:04:32 **** Incremental Build of configuration Debug for project 01FreeRTOS_Segger ****
make -j8 all 
arm-none-eabi-gcc "../Core/Src/main.c" -mcpu=cortex-m4 -std=gnu11 -g3 -DDEBUG -DUSE_HAL_DRIVER -DSTM32F446xx -c -I../Core/Inc -I../Drivers/STM32F4xx_HAL_Driver/Inc -I../Drivers/STM32F4xx_HAL_Driver/Inc/Legacy -I../Drivers/CMSIS/Device/ST/STM32F4xx/Include -I../Drivers/CMSIS/Include -I../Middlewares/Third_Party/FreeRTOS/Source/include -I../Middlewares/Third_Party/FreeRTOS/Source/CMSIS_RTOS_V2 -I../Middlewares/Third_Party/FreeRTOS/Source/portable/GCC/ARM_CM4F -O0 -ffunction-sections -fdata-sections -Wall -fstack-usage -fcyclomatic-complexity -MMD -MP -MF"Core/Src/main.d" -MT"Core/Src/main.o" --specs=nano.specs -mfpu=fpv4-sp-d16 -mfloat-abi=hard -mthumb -o "Core/Src/main.o"
arm-none-eabi-gcc -o "01FreeRTOS_Segger.elf" @"objects.list"   -mcpu=cortex-m4 -T"/home/uttkarsh_8/STM32CubeIDE/workspace_new/01FreeRTOS_Segger/STM32F446RETX_FLASH.ld" --specs=nosys.specs -Wl,-Map="01FreeRTOS_Segger.map" -Wl,--gc-sections -static --specs=nano.specs -mfpu=fpv4-sp-d16 -mfloat-abi=hard -mthumb -Wl,--start-group -lc -lm -Wl,--end-group
Finished building target: 01FreeRTOS_Segger.elf
 
arm-none-eabi-size  01FreeRTOS_Segger.elf 
arm-none-eabi-objdump -h -S 01FreeRTOS_Segger.elf  > "01FreeRTOS_Segger.list"
   text	   data	    bss	    dec	    hex	filename
  25208	     96	  20968	  46272	   b4c0	01FreeRTOS_Segger.elf
Finished building: default.size.stdout
 
Finished building: 01FreeRTOS_Segger.list
 
21:04:37 **** Incremental Build of configuration Debug for project 01FreeRTOS_Segger ****
make -j8 all 
arm-none-eabi-size  01FreeRTOS_Segger.elf 
   text	   data	    bss	    dec	    hex	filename
  25208	     96	  20968	  46272	   b4c0	01FreeRTOS_Segger.elf
Finished building: default.size.stdout
 
