01:20:59 **** Incremental Build of configuration Debug for project LED-tasks ****
make -j8 all 
arm-none-eabi-gcc "../Core/Src/main.c" -mcpu=cortex-m4 -std=gnu11 -g3 -DDEBUG -DUSE_HAL_DRIVER -DSTM32F446xx -c -I../Core/Inc -I../Drivers/STM32F4xx_HAL_Driver/Inc -I../Drivers/STM32F4xx_HAL_Driver/Inc/Legacy -I../Drivers/CMSIS/Device/ST/STM32F4xx/Include -I../Drivers/CMSIS/Include -I../Middlewares/Third_Party/FreeRTOS/Source/include -I../Middlewares/Third_Party/FreeRTOS/Source/CMSIS_RTOS_V2 -I../Middlewares/Third_Party/FreeRTOS/Source/portable/GCC/ARM_CM4F -O0 -ffunction-sections -fdata-sections -Wall -fstack-usage -fcyclomatic-complexity -MMD -MP -MF"Core/Src/main.d" -MT"Core/Src/main.o" --specs=nano.specs -mfpu=fpv4-sp-d16 -mfloat-abi=hard -mthumb -o "Core/Src/main.o"
arm-none-eabi-gcc -o "LED-tasks.elf" @"objects.list"   -mcpu=cortex-m4 -T"/home/uttkarsh_8/STM32CubeIDE/workspace_new/LED-tasks/STM32F446RETX_FLASH.ld" --specs=nosys.specs -Wl,-Map="LED-tasks.map" -Wl,--gc-sections -static --specs=nano.specs -mfpu=fpv4-sp-d16 -mfloat-abi=hard -mthumb -Wl,--start-group -lc -lm -Wl,--end-group
Finished building target: LED-tasks.elf
 
arm-none-eabi-size  LED-tasks.elf 
arm-none-eabi-objdump -h -S LED-tasks.elf  > "LED-tasks.list"
   text	   data	    bss	    dec	    hex	filename
  19268	     96	  20888	  40252	   9d3c	LED-tasks.elf
Finished building: default.size.stdout
 
Finished building: LED-tasks.list
 

01:20:59 Build Finished. 0 errors, 0 warnings. (took 395ms)

