15:32:54 **** Build of configuration Debug for project PWMwithINT ****
make -j8 all 
arm-none-eabi-gcc "../Core/Src/main.c" -mcpu=cortex-m4 -std=gnu11 -g3 -DDEBUG -DUSE_HAL_DRIVER -DSTM32F446xx -c -I../Core/Inc -I../Drivers/STM32F4xx_HAL_Driver/Inc -I../Drivers/STM32F4xx_HAL_Driver/Inc/Legacy -I../Drivers/CMSIS/Device/ST/STM32F4xx/Include -I../Drivers/CMSIS/Include -O0 -ffunction-sections -fdata-sections -Wall -fstack-usage -fcyclomatic-complexity -MMD -MP -MF"Core/Src/main.d" -MT"Core/Src/main.o" --specs=nano.specs -mfpu=fpv4-sp-d16 -mfloat-abi=hard -mthumb -o "Core/Src/main.o"
arm-none-eabi-gcc -o "PWMwithINT.elf" @"objects.list"   -mcpu=cortex-m4 -T"/home/uttkarsh_8/STM32CubeIDE/workspace_new/PWMwithINT/STM32F446RETX_FLASH.ld" --specs=nosys.specs -Wl,-Map="PWMwithINT.map" -Wl,--gc-sections -static --specs=nano.specs -mfpu=fpv4-sp-d16 -mfloat-abi=hard -mthumb -Wl,--start-group -lc -lm -Wl,--end-group
Finished building target: PWMwithINT.elf
 
arm-none-eabi-size  PWMwithINT.elf 
arm-none-eabi-objdump -h -S PWMwithINT.elf  > "PWMwithINT.list"
   text	   data	    bss	    dec	    hex	filename
  11580	     12	   1716	  13308	   33fc	PWMwithINT.elf
Finished building: default.size.stdout
 
Finished building: PWMwithINT.list
 

15:32:54 Build Finished. 0 errors, 0 warnings. (took 610ms)

